// Jest Snapshot v1, https://goo.gl/fbAQLP

exports[`osmo currency bridge scanAccounts osmo seed 1 1`] = `
Array [
  Object {
    "balance": "0",
    "currencyId": "osmo",
    "derivationMode": "",
    "freshAddress": "osmo1g84934jpu3v5de5yqukkkhxmcvsw3u2a6al3md",
    "freshAddressPath": "44'/118'/0'/0/0",
    "freshAddresses": Array [
      Object {
        "address": "osmo1g84934jpu3v5de5yqukkkhxmcvsw3u2a6al3md",
        "derivationPath": "44'/118'/0'/0/0",
      },
    ],
    "id": "js:2:osmo:osmo1g84934jpu3v5de5yqukkkhxmcvsw3u2a6al3md:",
    "index": 0,
    "name": "Osmosis 1",
    "nfts": undefined,
    "operationsCount": 3,
    "pendingOperations": Array [],
    "seedIdentifier": "0388459b2653519948b12492f1a0b464720110c147a8155d23d423a5cc3c21d89a",
    "spendableBalance": "0",
    "starred": false,
    "swapHistory": Array [],
    "syncHash": undefined,
    "unitMagnitude": 6,
    "used": true,
  },
  Object {
    "balance": "400000",
    "currencyId": "osmo",
    "derivationMode": "",
    "freshAddress": "osmo108uy5q9jt59gwugq5yrdhkzcd9jryslmfrrmqx",
    "freshAddressPath": "44'/118'/1'/0/0",
    "freshAddresses": Array [
      Object {
        "address": "osmo108uy5q9jt59gwugq5yrdhkzcd9jryslmfrrmqx",
        "derivationPath": "44'/118'/1'/0/0",
      },
    ],
    "id": "js:2:osmo:osmo108uy5q9jt59gwugq5yrdhkzcd9jryslmfrrmqx:",
    "index": 1,
    "name": "Osmosis 2",
    "nfts": undefined,
    "operationsCount": 2,
    "pendingOperations": Array [],
    "seedIdentifier": "0388459b2653519948b12492f1a0b464720110c147a8155d23d423a5cc3c21d89a",
    "spendableBalance": "400000",
    "starred": false,
    "swapHistory": Array [],
    "syncHash": undefined,
    "unitMagnitude": 6,
    "used": true,
  },
  Object {
    "balance": "0",
    "currencyId": "osmo",
    "derivationMode": "",
    "freshAddress": "osmo1cgc696ay2pg6d4gcejek2y8la66j7e5yerdxju",
    "freshAddressPath": "44'/118'/2'/0/0",
    "freshAddresses": Array [
      Object {
        "address": "osmo1cgc696ay2pg6d4gcejek2y8la66j7e5yerdxju",
        "derivationPath": "44'/118'/2'/0/0",
      },
    ],
    "id": "js:2:osmo:osmo1cgc696ay2pg6d4gcejek2y8la66j7e5yerdxju:",
    "index": 2,
    "name": "Osmosis 3",
    "nfts": undefined,
    "operationsCount": 0,
    "pendingOperations": Array [],
    "seedIdentifier": "0388459b2653519948b12492f1a0b464720110c147a8155d23d423a5cc3c21d89a",
    "spendableBalance": "0",
    "starred": false,
    "swapHistory": Array [],
    "syncHash": undefined,
    "unitMagnitude": 6,
    "used": false,
  },
]
`;

exports[`osmo currency bridge scanAccounts osmo seed 1 2`] = `
Array [
  Array [
    Object {
      "accountId": "js:2:osmo:osmo1g84934jpu3v5de5yqukkkhxmcvsw3u2a6al3md:",
      "blockHash": "39D31B5DD96F85E252AA065A3003FBFDEEA70176765C72696DA298C60CE07EE0",
      "blockHeight": 4636761,
      "contract": undefined,
      "extra": Object {
        "memo": "",
      },
      "fee": "0",
      "hasFailed": false,
      "hash": "0D5376956EF73092E596834A90E17A2389FE7CD7D462045C83B35FE568F5C09B",
      "id": "js:2:osmo:osmo1g84934jpu3v5de5yqukkkhxmcvsw3u2a6al3md:-0D5376956EF73092E596834A90E17A2389FE7CD7D462045C83B35FE568F5C09B-IN",
      "operator": undefined,
      "recipients": Array [
        "osmo1g84934jpu3v5de5yqukkkhxmcvsw3u2a6al3md",
      ],
      "senders": Array [
        "osmo1ddkp0uc87x76zks73t8gxw2dz0r4wm2na9rzdw",
      ],
      "standard": undefined,
      "tokenId": undefined,
      "type": "IN",
      "value": "400000",
    },
    Object {
      "accountId": "js:2:osmo:osmo1g84934jpu3v5de5yqukkkhxmcvsw3u2a6al3md:",
      "blockHash": "2D267FC9A0F5005B82B8CFC20F070950F4AD415AF45BE98918629B212D7EEFF0",
      "blockHeight": 4693859,
      "contract": undefined,
      "extra": Object {
        "memo": "",
      },
      "fee": "0",
      "hasFailed": false,
      "hash": "78A1181D57C9EB93175A2220FF96DC819E5BC7A58AC35166BA484C97246D538A",
      "id": "js:2:osmo:osmo1g84934jpu3v5de5yqukkkhxmcvsw3u2a6al3md:-78A1181D57C9EB93175A2220FF96DC819E5BC7A58AC35166BA484C97246D538A-OUT",
      "operator": undefined,
      "recipients": Array [
        "osmo108uy5q9jt59gwugq5yrdhkzcd9jryslmfrrmqx",
      ],
      "senders": Array [
        "osmo1g84934jpu3v5de5yqukkkhxmcvsw3u2a6al3md",
      ],
      "standard": undefined,
      "tokenId": undefined,
      "type": "OUT",
      "value": "300000",
    },
    Object {
      "accountId": "js:2:osmo:osmo1g84934jpu3v5de5yqukkkhxmcvsw3u2a6al3md:",
      "blockHash": "20662288EF7ADD453B5D80C78FEA8CD13D3C0F2CBEF7420C618897E1CA96141E",
      "blockHeight": 4693853,
      "contract": undefined,
      "extra": Object {
        "memo": "",
      },
      "fee": "0",
      "hasFailed": false,
      "hash": "B6B77ADBF12B46D073FEDA76A3BD2878DB390D4C00FFCBCC05E71E91643BEC95",
      "id": "js:2:osmo:osmo1g84934jpu3v5de5yqukkkhxmcvsw3u2a6al3md:-B6B77ADBF12B46D073FEDA76A3BD2878DB390D4C00FFCBCC05E71E91643BEC95-OUT",
      "operator": undefined,
      "recipients": Array [
        "osmo108uy5q9jt59gwugq5yrdhkzcd9jryslmfrrmqx",
      ],
      "senders": Array [
        "osmo1g84934jpu3v5de5yqukkkhxmcvsw3u2a6al3md",
      ],
      "standard": undefined,
      "tokenId": undefined,
      "type": "OUT",
      "value": "100000",
    },
  ],
  Array [
    Object {
      "accountId": "js:2:osmo:osmo108uy5q9jt59gwugq5yrdhkzcd9jryslmfrrmqx:",
      "blockHash": "2D267FC9A0F5005B82B8CFC20F070950F4AD415AF45BE98918629B212D7EEFF0",
      "blockHeight": 4693859,
      "contract": undefined,
      "extra": Object {
        "memo": "",
      },
      "fee": "0",
      "hasFailed": false,
      "hash": "78A1181D57C9EB93175A2220FF96DC819E5BC7A58AC35166BA484C97246D538A",
      "id": "js:2:osmo:osmo108uy5q9jt59gwugq5yrdhkzcd9jryslmfrrmqx:-78A1181D57C9EB93175A2220FF96DC819E5BC7A58AC35166BA484C97246D538A-IN",
      "operator": undefined,
      "recipients": Array [
        "osmo108uy5q9jt59gwugq5yrdhkzcd9jryslmfrrmqx",
      ],
      "senders": Array [
        "osmo1g84934jpu3v5de5yqukkkhxmcvsw3u2a6al3md",
      ],
      "standard": undefined,
      "tokenId": undefined,
      "type": "IN",
      "value": "300000",
    },
    Object {
      "accountId": "js:2:osmo:osmo108uy5q9jt59gwugq5yrdhkzcd9jryslmfrrmqx:",
      "blockHash": "20662288EF7ADD453B5D80C78FEA8CD13D3C0F2CBEF7420C618897E1CA96141E",
      "blockHeight": 4693853,
      "contract": undefined,
      "extra": Object {
        "memo": "",
      },
      "fee": "0",
      "hasFailed": false,
      "hash": "B6B77ADBF12B46D073FEDA76A3BD2878DB390D4C00FFCBCC05E71E91643BEC95",
      "id": "js:2:osmo:osmo108uy5q9jt59gwugq5yrdhkzcd9jryslmfrrmqx:-B6B77ADBF12B46D073FEDA76A3BD2878DB390D4C00FFCBCC05E71E91643BEC95-IN",
      "operator": undefined,
      "recipients": Array [
        "osmo108uy5q9jt59gwugq5yrdhkzcd9jryslmfrrmqx",
      ],
      "senders": Array [
        "osmo1g84934jpu3v5de5yqukkkhxmcvsw3u2a6al3md",
      ],
      "standard": undefined,
      "tokenId": undefined,
      "type": "IN",
      "value": "100000",
    },
  ],
  Array [],
]
`;
